[demo.designshopify.com/html_modez/index.html]
[backblue.gif]
[fade.gif]
[index.html]
[demo.designshopify.com/html_modez/assets/javascripts/jquery.min.js]
[demo.designshopify.com/html_modez/assets/javascripts/scripts.js]
[demo.designshopify.com/html_modez/assets/javascripts/bootstrap.min.js]
[demo.designshopify.com/html_modez/assets/javascripts/imagesloaded.pkgd.min.js]
[demo.designshopify.com/html_modez/assets/javascripts/owl.carousel.min.js]
[demo.designshopify.com/html_modez/assets/javascripts/jquery.zoom.js]
[demo.designshopify.com/html_modez/assets/javascripts/jquery.fancybox.js]
[demo.designshopify.com/html_modez/assets/javascripts/loadmore.js]
[demo.designshopify.com/html_modez/assets/javascripts/wish-list.js]
[demo.designshopify.com/html_modez/assets/javascripts/instafeed.min.js]
[demo.designshopify.com/html_modez/assets/javascripts/jquery.cookies.min.js]
[demo.designshopify.com/html_modez/assets/javascripts/camera.min.js]
[demo.designshopify.com/html_modez/account-login.html]
[demo.designshopify.com/html_modez/account-register.html]
[demo.designshopify.com/html_modez/cart.html]
[demo.designshopify.com/html_modez/collection.html]
[demo.designshopify.com/html_modez/collection-listing.html]
[demo.designshopify.com/html_modez/page-contact.html]
[demo.designshopify.com/html_modez/page-about.html]
[demo.designshopify.com/html_modez/page-lookbook.html]
[demo.designshopify.com/html_modez/page-faqs.html]
[demo.designshopify.com/html_modez/assets/images/300x200.jpg]
[demo.designshopify.com/html_modez/assets/images/ds.png]
[demo.designshopify.com/html_modez/blog.html]
[demo.designshopify.com/html_modez/assets/images/logo.png]
[demo.designshopify.com/html_modez/assets/images/ss1_1920x650.jpg]
[demo.designshopify.com/html_modez/assets/images/ss2_1920x650.jpg]
[demo.designshopify.com/html_modez/product.html]
[demo.designshopify.com/html_modez/assets/images/sp1-300x410.jpg]
[demo.designshopify.com/html_modez/assets/images/sp2-300x410.jpg]
[demo.designshopify.com/html_modez/assets/images/sp3-300x410.jpg]
[demo.designshopify.com/html_modez/assets/images/sp4-300x410.jpg]
[demo.designshopify.com/html_modez/assets/images/sp6-300x410.jpg]
[demo.designshopify.com/html_modez/assets/images/sp5-300x410.jpg]
[demo.designshopify.com/html_modez/assets/images/b1_770x500.jpg]
[demo.designshopify.com/html_modez/assets/images/b2_370x500.jpg]
[demo.designshopify.com/html_modez/assets/images/sp7-300x410.jpg]
[demo.designshopify.com/html_modez/assets/images/sp8-300x410.jpg]
[demo.designshopify.com/html_modez/assets/images/sp9-300x410.jpg]
[demo.designshopify.com/html_modez/assets/images/sp10-300x410.jpg]
[demo.designshopify.com/html_modez/assets/images/sp11-300x410.jpg]
[demo.designshopify.com/html_modez/assets/images/b3_370x500.jpg]
[demo.designshopify.com/html_modez/assets/images/b4_370x500.jpg]
[demo.designshopify.com/html_modez/assets/images/b5_370x500.jpg]
[demo.designshopify.com/html_modez/article.html]
[demo.designshopify.com/html_modez/assets/images/a1_600x400.jpg]
[demo.designshopify.com/html_modez/assets/images/a2_300x200.jpg]
[demo.designshopify.com/html_modez/assets/images/a3_300x200.jpg]
[demo.designshopify.com/html_modez/assets/images/m1_270x130.jpg]
[demo.designshopify.com/html_modez/assets/images/br1_165x80.png]
[demo.designshopify.com/html_modez/assets/images/br2_165x80.png]
[demo.designshopify.com/html_modez/assets/images/br3_165x80.png]
[demo.designshopify.com/html_modez/assets/images/br4_165x80.png]
[demo.designshopify.com/html_modez/assets/images/br5_165x80.png]
[demo.designshopify.com/html_modez/assets/images/730x370.png]
[demo.designshopify.com/html_modez/assets/javascripts/classie.js]
[demo.designshopify.com/html_modez/assets/javascripts/cs-modez.script.js]
[demo.designshopify.com/html_modez/assets/images/sp1_80x110.jpg]
[demo.designshopify.com/html_modez/assets/images/sp2_80x110.jpg]
[demo.designshopify.com/html_modez/assets/images/sp3_80x110.jpg]
[demo.designshopify.com/html_modez/assets/images/sp4_80x110.jpg]
[demo.designshopify.com/html_modez/assets/images/sp5_80x110.jpg]
[demo.designshopify.com/html_modez/index.html]
[demo.designshopify.com/html_modez/assets/stylesheets/bootstrap.min.css]
[demo.designshopify.com/html_modez/assets/fonts/fontawesome-webfont5b62.eot]
[demo.designshopify.com/html_modez/assets/fonts/fontawesome-webfontd41d.eot]
[demo.designshopify.com/html_modez/assets/fonts/fontawesome-webfont5b62.woff]
[demo.designshopify.com/html_modez/assets/fonts/fontawesome-webfont5b62.ttf]
[demo.designshopify.com/html_modez/assets/stylesheets/font-awesome.min.css]
[demo.designshopify.com/html_modez/assets/stylesheets/animate.min.css]
[demo.designshopify.com/html_modez/assets/stylesheets/owl.carousel.css]
[demo.designshopify.com/html_modez/assets/images/fancybox_sprite.png]
[cdn.shopify.com/s/files/1/1786/6753/t/2/assets/fancybox_loading.5a04de.delayed]
[cdn.shopify.com/s/files/1/1786/6753/t/2/assets/blank04de.gif]
[cdn.shopify.com/s/files/1/1786/6753/t/2/assets/fancybox_loading@2x04de.gif]
[demo.designshopify.com/html_modez/assets/stylesheets/cs-modez-base.global.css]
[cdn.shopify.com/s/files/1/1786/6753/t/2/assets/icon_cart4e26.png]
[demo.designshopify.com/html_modez/assets/images/bg_none_check.png]
[cdn.shopify.com/s/files/1/1786/6753/t/2/assets/bg_check4e26.png]
[demo.designshopify.com/html_modez/assets/stylesheets/cs-modez-base.styles.css]
[demo.designshopify.com/html_modez/assets/stylesheets/cs-modez.global.css]
[demo.designshopify.com/html_modez/assets/fonts/modezicons.eot]
[demo.designshopify.com/html_modez/assets/fonts/modezicons.ttf]
[demo.designshopify.com/html_modez/assets/fonts/modezicons.woff]
[cdn.shopify.com/s/files/1/1786/6753/t/2/assets/icon_cart75fa.png]
[demo.designshopify.com/html_modez/assets/stylesheets/cs-modez.styles.css]
[demo.designshopify.com/html_modez/assets/javascripts/spr.css]
[demo.designshopify.com/html_modez/assets/stylesheets/camera.css]
[demo.designshopify.com/html_modez/assets/javascripts/jquery.bxslider.min.js]
[demo.designshopify.com/html_modez/assets/javascripts/modernizr.js]
[demo.designshopify.com/html_modez/assets/javascripts/jquery.smooth-scroll.min.js]
[demo.designshopify.com/html_modez/account-login.html]
[demo.designshopify.com/html_modez/account-register.html]
[demo.designshopify.com/html_modez/assets/images/cart1_73x100.jpg]
[demo.designshopify.com/html_modez/assets/images/cart2_73x100.jpg]
[demo.designshopify.com/html_modez/assets/images/cart3_73x100.jpg]
[demo.designshopify.com/html_modez/assets/images/cart4_73x100.jpg]
[demo.designshopify.com/html_modez/cart.html]
[demo.designshopify.com/html_modez/assets/images/collection_870x590.jpg]
[demo.designshopify.com/html_modez/assets/images/green.png]
[demo.designshopify.com/html_modez/assets/images/black.png]
[demo.designshopify.com/html_modez/assets/images/red.png]
[demo.designshopify.com/html_modez/assets/images/white.png]
[demo.designshopify.com/html_modez/assets/images/gray.png]
[demo.designshopify.com/html_modez/assets/images/blue.png]
[demo.designshopify.com/html_modez/collection.html]
[demo.designshopify.com/html_modez/assets/images/listcol1_270x370.jpg]
[demo.designshopify.com/html_modez/assets/images/listcol2_270x370.jpg]
[demo.designshopify.com/html_modez/assets/images/listcol3_270x370.jpg]
[demo.designshopify.com/html_modez/assets/images/listcol4_270x370.jpg]
[demo.designshopify.com/html_modez/collection-listing.html]
[cdn.jsdelivr.net/gmap3/7.1.0/gmap3.min.js]
[demo.designshopify.com/html_modez/page-contact.html]
[demo.designshopify.com/html_modez/assets/images/about1_570x500.jpg]
[demo.designshopify.com/html_modez/assets/images/about3_270x270.jpg]
[demo.designshopify.com/html_modez/assets/images/about4_270x270.jpg]
[demo.designshopify.com/html_modez/assets/images/about5_270x270.jpg]
[demo.designshopify.com/html_modez/assets/images/about6_270x270.jpg]
[demo.designshopify.com/html_modez/page-about.html]
[demo.designshopify.com/html_modez/assets/images/lb1_780x510.jpg]
[demo.designshopify.com/html_modez/assets/images/lb1_390x510.jpg]
[demo.designshopify.com/html_modez/assets/images/lb1_800x300.jpg]
[demo.designshopify.com/html_modez/assets/images/lb1_370x370.jpg]
[demo.designshopify.com/html_modez/assets/images/lb2_370x370.jpg]
[demo.designshopify.com/html_modez/assets/images/lb3_370x370.jpg]
[demo.designshopify.com/html_modez/assets/images/lb4_370x370.jpg]
[demo.designshopify.com/html_modez/assets/images/lb5_370x370.jpg]
[demo.designshopify.com/html_modez/assets/images/lb6_370x370.jpg]
[demo.designshopify.com/html_modez/page-lookbook.html]
[demo.designshopify.com/html_modez/page-faqs.html]
[demo.designshopify.com/html_modez/assets/images/blog1_860x700.jpg]
[demo.designshopify.com/html_modez/assets/images/blog1_420x300.jpg]
[demo.designshopify.com/html_modez/assets/images/blog2_420x300.jpg]
[demo.designshopify.com/html_modez/assets/images/blog1_280x240.jpg]
[demo.designshopify.com/html_modez/blog.html]
[demo.designshopify.com/html_modez/page-wishlist.html]
[demo.designshopify.com/html_modez/assets/images/detail1_747x1024.jpg]
[demo.designshopify.com/html_modez/assets/images/detail2_747x1024.jpg]
[demo.designshopify.com/html_modez/assets/images/detail3_747x1024.jpg]
[demo.designshopify.com/html_modez/assets/images/detail4_747x1024.jpg]
[demo.designshopify.com/html_modez/assets/images/detail5_747x1024.jpg]
[demo.designshopify.com/html_modez/product.html]
[demo.designshopify.com/html_modez/article.html]
[demo.designshopify.com/html_modez/assets/images/90x90.html]
[demo.designshopify.com/html_modez/assets/images/hourglass.svg]
[demo.designshopify.com/html_modez/assets/fonts/glyphicons-halflings-regular.html]
[demo.designshopify.com/html_modez/assets/fonts/glyphicons-halflings-regulard41d.html]
[demo.designshopify.com/html_modez/assets/fonts/glyphicons-halflings-regular-2.html]
[demo.designshopify.com/html_modez/assets/fonts/glyphicons-halflings-regular-3.html]
[demo.designshopify.com/html_modez/assets/fonts/glyphicons-halflings-regular-4.html]
[demo.designshopify.com/html_modez/assets/fonts/glyphicons-halflings-regular-5.html]
[demo.designshopify.com/html_modez/assets/fonts/fontawesome-webfont5b62.html]
[demo.designshopify.com/html_modez/assets/fonts/fontawesome-webfont5b62.svg]
[demo.designshopify.com/html_modez/assets/stylesheets/grabbing.html]
[cdn.shopify.com/s/files/1/1786/6753/t/2/assets/fancybox_loading04de.html]
[cdn.shopify.com/s/files/1/1786/6753/t/2/assets/blank04de.html]
[demo.designshopify.com/html_modez/assets/images/fancybox_sprite@2x.html]
[cdn.shopify.com/s/files/1/1786/6753/t/2/assets/fancybox_loading@2x04de.html]
[demo.designshopify.com/html_modez/assets/stylesheets/ajax-loader.html]
[demo.designshopify.com/html_modez/assets/fonts/modezicons.svg]
[demo.designshopify.com/html_modez/assets/images/blank.html]
[demo.designshopify.com/html_modez/assets/images/camera-loader.html]
[demo.designshopify.com/html_modez/assets/images/camera_skins.html]
[demo.designshopify.com/html_modez/assets/images/patterns/overlay1.html]
[demo.designshopify.com/html_modez/assets/images/patterns/overlay2.html]
[demo.designshopify.com/html_modez/assets/images/patterns/overlay3.html]
[demo.designshopify.com/html_modez/assets/images/patterns/overlay4.html]
[demo.designshopify.com/html_modez/assets/images/patterns/overlay5.html]
[demo.designshopify.com/html_modez/assets/images/patterns/overlay6.html]
[demo.designshopify.com/html_modez/assets/images/patterns/overlay7.html]
[demo.designshopify.com/html_modez/assets/images/patterns/overlay8.html]
[demo.designshopify.com/html_modez/assets/images/patterns/overlay9.html]
[demo.designshopify.com/html_modez/assets/images/patterns/overlay10.html]
[demo.designshopify.com/html_modez/product_files/soldout.html]
