[phantom-themes.com/flatify/theme/templates/admin1/index.html]
[backblue.gif]
[fade.gif]
[index.html]
[phantom-themes.com/flatify/theme/templates/admin1/email.html]
[phantom-themes.com/flatify/theme/templates/admin1/ui-buttons.html]
[phantom-themes.com/flatify/theme/templates/admin1/ui-icons.html]
[phantom-themes.com/flatify/theme/templates/admin1/ui-typography.html]
[phantom-themes.com/flatify/theme/templates/admin1/ui-notifications.html]
[phantom-themes.com/flatify/theme/templates/admin1/ui-modals.html]
[phantom-themes.com/flatify/theme/templates/admin1/ui-progress.html]
[phantom-themes.com/flatify/theme/templates/admin1/ui-tabs-accordions.html]
[phantom-themes.com/flatify/theme/templates/admin1/ui-nestable.html]
[phantom-themes.com/flatify/theme/templates/admin1/ui-tree-view.html]
[phantom-themes.com/flatify/theme/templates/admin1/layout-blank.html]
[phantom-themes.com/flatify/theme/templates/admin1/layout-boxed.html]
[phantom-themes.com/flatify/theme/templates/admin1/layout-collapsed-sidebar.html]
[phantom-themes.com/flatify/theme/templates/admin1/layout-fixed-header.html]
[phantom-themes.com/flatify/theme/templates/admin1/layout-fixed-sidebar.html]
[phantom-themes.com/flatify/theme/templates/admin1/layout-fixed-sidebar-header.html]
[phantom-themes.com/flatify/theme/templates/admin1/form-elements.html]
[phantom-themes.com/flatify/theme/templates/admin1/form-wizard.html]
[phantom-themes.com/flatify/theme/templates/admin1/form-file-upload.html]
[phantom-themes.com/flatify/theme/templates/admin1/form-image-crop.html]
[phantom-themes.com/flatify/theme/templates/admin1/form-image-zoom.html]
[phantom-themes.com/flatify/theme/templates/admin1/form-x-editable.html]
[phantom-themes.com/flatify/theme/templates/admin1/table-static.html]
[phantom-themes.com/flatify/theme/templates/admin1/table-responsive.html]
[phantom-themes.com/flatify/theme/templates/admin1/table-data.html]
[phantom-themes.com/flatify/theme/templates/admin1/charts.html]
[phantom-themes.com/flatify/theme/templates/admin1/invoice.html]
[phantom-themes.com/flatify/theme/templates/admin1/404.html]
[phantom-themes.com/flatify/theme/templates/admin1/500.html]
[phantom-themes.com/flatify/theme/templates/admin1/profile.html]
[phantom-themes.com/flatify/theme/templates/admin1/login.html]
[phantom-themes.com/flatify/theme/templates/admin1/register.html]
[phantom-themes.com/flatify/theme/templates/admin1/lockscreen.html]
[phantom-themes.com/flatify/theme/templates/admin1/gallery.html]
[phantom-themes.com/flatify/theme/templates/admin1/pricing-tables.html]
[phantom-themes.com/flatify/theme/assets/images/avatars/avatar1.png]
[phantom-themes.com/flatify/theme/assets/images/avatars/avatar3.png]
[phantom-themes.com/flatify/theme/assets/images/avatars/avatar2.png]
[phantom-themes.com/flatify/theme/assets/images/avatars/avatar4.png]
[phantom-themes.com/flatify/theme/assets/images/avatars/avatar5.png]
[phantom-themes.com/flatify/theme/assets/plugins/jquery/jquery-3.1.0.min.js]
[phantom-themes.com/flatify/theme/assets/plugins/bootstrap/js/bootstrap.min.js]
[phantom-themes.com/flatify/theme/assets/plugins/jquery-slimscroll/jquery.slimscroll.min.js]
[phantom-themes.com/flatify/theme/assets/plugins/waves/waves.min.js]
[phantom-themes.com/flatify/theme/assets/plugins/uniform/js/jquery.uniform.standalone.js]
[phantom-themes.com/flatify/theme/assets/plugins/switchery/switchery.min.js]
[phantom-themes.com/flatify/theme/assets/plugins/d3/d3.min.js]
[phantom-themes.com/flatify/theme/assets/plugins/nvd3/nv.d3.min.js]
[phantom-themes.com/flatify/theme/assets/plugins/flot/jquery.flot.min.js]
[phantom-themes.com/flatify/theme/assets/plugins/flot/jquery.flot.time.min.js]
[phantom-themes.com/flatify/theme/assets/plugins/flot/jquery.flot.symbol.min.js]
[phantom-themes.com/flatify/theme/assets/plugins/flot/jquery.flot.resize.min.js]
[phantom-themes.com/flatify/theme/assets/plugins/flot/jquery.flot.tooltip.min.js]
[phantom-themes.com/flatify/theme/assets/plugins/flot/jquery.flot.pie.min.js]
[phantom-themes.com/flatify/theme/assets/plugins/chartjs/chart.min.js]
[phantom-themes.com/flatify/theme/assets/plugins/pace/pace.min.js]
[phantom-themes.com/flatify/theme/assets/js/flatifytheme.min.js]
[phantom-themes.com/flatify/theme/assets/js/pages/dashboard.js]
[phantom-themes.com/flatify/theme/templates/admin1/index.html]
[phantom-themes.com/flatify/theme/assets/plugins/bootstrap/css/bootstrap.min.css]
[phantom-themes.com/flatify/theme/assets/plugins/font-awesome/css/font-awesome.min.css]
[phantom-themes.com/flatify/theme/assets/plugins/icomoon/fonts/icomoon7c04.eot]
[phantom-themes.com/flatify/theme/assets/plugins/icomoon/fonts/icomoon7c04.ttf]
[phantom-themes.com/flatify/theme/assets/plugins/icomoon/fonts/icomoon7c04.woff]
[phantom-themes.com/flatify/theme/assets/plugins/icomoon/style.css]
[phantom-themes.com/flatify/theme/assets/plugins/waves/waves.min.css]
[phantom-themes.com/flatify/theme/assets/plugins/uniform/images/default/sprite.png]
[phantom-themes.com/flatify/theme/assets/plugins/uniform/images/default/bg-input.png]
[phantom-themes.com/flatify/theme/assets/plugins/uniform/images/default/bg-input-focus.png]
[phantom-themes.com/flatify/theme/assets/plugins/uniform/css/default.css]
[phantom-themes.com/flatify/theme/assets/plugins/switchery/switchery.min.css]
[phantom-themes.com/flatify/theme/assets/plugins/nvd3/nv.d3.min.css]
[phantom-themes.com/flatify/theme/assets/images/gallery/image8.png]
[phantom-themes.com/flatify/theme/assets/images/bg/loginbg.png]
[phantom-themes.com/flatify/theme/assets/images/bg/registerbg.png]
[phantom-themes.com/flatify/theme/assets/css/flatifytheme.min.css]
[phantom-themes.com/flatify/theme/assets/css/custom.css]
[phantom-themes.com/flatify/theme/assets/images/gallery/image5.png]
[phantom-themes.com/flatify/theme/assets/images/gallery/image10.png]
[phantom-themes.com/flatify/theme/templates/admin1/email.html]
[phantom-themes.com/flatify/theme/templates/admin1/ui-buttons.html]
[phantom-themes.com/flatify/theme/templates/admin1/ui-icons.html]
[phantom-themes.com/flatify/theme/templates/admin1/ui-typography.html]
[phantom-themes.com/flatify/theme/assets/plugins/toastr/toastr.min.js]
[phantom-themes.com/flatify/theme/assets/js/pages/ui-notifications.js]
[phantom-themes.com/flatify/theme/templates/admin1/ui-notifications.html]
[phantom-themes.com/flatify/theme/assets/js/pages/ui-modals.js]
[phantom-themes.com/flatify/theme/templates/admin1/ui-modals.html]
[phantom-themes.com/flatify/theme/templates/admin1/ui-progress.html]
[phantom-themes.com/flatify/theme/templates/admin1/ui-tabs-accordions.html]
[phantom-themes.com/flatify/theme/assets/plugins/jstree/jstree.min.js]
[phantom-themes.com/flatify/theme/assets/js/pages/ui-tree-view.js]
[phantom-themes.com/flatify/theme/templates/admin1/ui-tree-view.html]
[phantom-themes.com/flatify/theme/assets/plugins/nestable/jquery.nestable.js]
[phantom-themes.com/flatify/theme/assets/js/pages/ui-nestable.js]
[phantom-themes.com/flatify/theme/templates/admin1/ui-nestable.html]
[phantom-themes.com/flatify/theme/templates/admin1/layout-blank.html]
[phantom-themes.com/flatify/theme/templates/admin1/layout-boxed.html]
[phantom-themes.com/flatify/theme/templates/admin1/layout-collapsed-sidebar.html]
[phantom-themes.com/flatify/theme/templates/admin1/layout-fixed-header.html]
[phantom-themes.com/flatify/theme/templates/admin1/layout-fixed-sidebar.html]
[phantom-themes.com/flatify/theme/templates/admin1/layout-fixed-sidebar-header.html]
[phantom-themes.com/flatify/theme/assets/plugins/summernote-master/summernote.min.js]
[phantom-themes.com/flatify/theme/assets/plugins/bootstrap-datepicker/js/bootstrap-datepicker.js]
[phantom-themes.com/flatify/theme/assets/plugins/bootstrap-colorpicker/js/bootstrap-colorpicker.js]
[phantom-themes.com/flatify/theme/assets/plugins/bootstrap-tagsinput/bootstrap-tagsinput.min.js]
[phantom-themes.com/flatify/theme/assets/plugins/bootstrap-timepicker/js/bootstrap-timepicker.min.js]
[phantom-themes.com/flatify/theme/assets/js/pages/form-elements.js]
[phantom-themes.com/flatify/theme/templates/admin1/form-elements.html]
[phantom-themes.com/flatify/theme/assets/plugins/jquery-validation/jquery.validate.min.js]
[phantom-themes.com/flatify/theme/assets/plugins/bootstrap-wizard/jquery.bootstrap.wizard.min.js]
[phantom-themes.com/flatify/theme/assets/js/pages/form-wizard.js]
[phantom-themes.com/flatify/theme/templates/admin1/form-wizard.html]
[phantom-themes.com/flatify/theme/assets/plugins/dropzone/dropzone.min.js]
[phantom-themes.com/flatify/theme/assets/plugins/plupload/js/plupload.full.min.js]
[phantom-themes.com/flatify/theme/assets/plugins/plupload/js/jquery.plupload.queue/jquery.plupload.queue.min.js]
[phantom-themes.com/flatify/theme/assets/js/pages/form-file-upload.js]
[phantom-themes.com/flatify/theme/templates/admin1/form-file-upload.html]
[phantom-themes.com/flatify/theme/assets/images/imagezoom/image1.png]
[phantom-themes.com/flatify/theme/assets/plugins/cropper-master/cropper.min.js]
[phantom-themes.com/flatify/theme/assets/js/pages/form-image-crop.js]
[phantom-themes.com/flatify/theme/templates/admin1/form-image-crop.html]
[phantom-themes.com/flatify/theme/assets/images/imagezoom/image3.png]
[phantom-themes.com/flatify/theme/assets/images/imagezoom/image2.png]
[phantom-themes.com/flatify/theme/assets/images/imagezoom/image4.png]
[phantom-themes.com/flatify/theme/assets/plugins/elevatezoom/jquery.elevatezoom-3.0.8.min.js]
[phantom-themes.com/flatify/theme/assets/js/pages/form-image-zoom.js]
[phantom-themes.com/flatify/theme/templates/admin1/form-image-zoom.html]
[phantom-themes.com/flatify/theme/assets/plugins/jquery-mockjax-master/jquery.mockjax.js]
[phantom-themes.com/flatify/theme/assets/plugins/moment/moment.js]
[phantom-themes.com/flatify/theme/assets/plugins/x-editable/bootstrap3-editable/js/bootstrap-editable.min.js]
[phantom-themes.com/flatify/theme/assets/plugins/x-editable/inputs-ext/typeaheadjs/lib/typeahead.js]
[phantom-themes.com/flatify/theme/assets/plugins/x-editable/inputs-ext/typeaheadjs/typeaheadjs.js]
[phantom-themes.com/flatify/theme/assets/plugins/x-editable/inputs-ext/address/address.js]
[phantom-themes.com/flatify/theme/assets/js/pages/form-x-editable.js]
[phantom-themes.com/flatify/theme/templates/admin1/form-x-editable.html]
[phantom-themes.com/flatify/theme/templates/admin1/table-static.html]
[phantom-themes.com/flatify/theme/templates/admin1/table-responsive.html]
[phantom-themes.com/flatify/theme/assets/plugins/datatables/js/jquery.datatables.min.js]
[phantom-themes.com/flatify/theme/assets/js/pages/table-data.js]
[phantom-themes.com/flatify/theme/templates/admin1/table-data.html]
[phantom-themes.com/flatify/theme/assets/js/pages/charts.js]
[phantom-themes.com/flatify/theme/templates/admin1/charts.html]
[phantom-themes.com/flatify/theme/templates/admin1/invoice.html]
[phantom-themes.com/flatify/theme/templates/admin1/404.html]
[phantom-themes.com/flatify/theme/templates/admin1/500.html]
[phantom-themes.com/flatify/theme/templates/admin1/profile.html]
[phantom-themes.com/flatify/theme/templates/admin1/login.html]
[phantom-themes.com/flatify/theme/templates/admin1/register.html]
[phantom-themes.com/flatify/theme/templates/admin1/lockscreen.html]
[phantom-themes.com/flatify/theme/assets/images/gallery/image1.png]
[phantom-themes.com/flatify/theme/assets/images/gallery/image2.png]
[phantom-themes.com/flatify/theme/assets/images/gallery/image3.png]
[phantom-themes.com/flatify/theme/assets/images/gallery/image4.png]
[phantom-themes.com/flatify/theme/assets/images/gallery/image6.png]
[phantom-themes.com/flatify/theme/assets/images/gallery/image7.png]
[phantom-themes.com/flatify/theme/assets/images/gallery/image9.png]
[phantom-themes.com/flatify/theme/assets/images/gallery/image11.png]
[phantom-themes.com/flatify/theme/assets/images/gallery/image12.png]
[phantom-themes.com/flatify/theme/assets/plugins/magnific-popup/jquery.magnific-popup.min.js]
[phantom-themes.com/flatify/theme/assets/js/pages/gallery.js]
[phantom-themes.com/flatify/theme/templates/admin1/gallery.html]
[phantom-themes.com/flatify/theme/templates/admin1/pricing-tables.html]
[phantom-themes.com/flatify/theme/assets/plugins/icomoon/fonts/icomoon7c04.svg]
[phantom-themes.com/flatify/theme/assets/images/bg/loginbg.png]
[phantom-themes.com/flatify/theme/assets/images/bg/registerbg.png]
[phantom-themes.com/flatify/theme/assets/images/login-bg.html]
[phantom-themes.com/flatify/theme/templates/admin1/inbox.html]
[phantom-themes.com/flatify/theme/assets/plugins/toastr/toastr.min.css]
[phantom-themes.com/flatify/theme/assets/plugins/jstree/themes/default/32px.png]
[phantom-themes.com/flatify/theme/assets/plugins/jstree/themes/default/throbber.gif]
[phantom-themes.com/flatify/theme/assets/plugins/jstree/themes/default/style.css]
[phantom-themes.com/flatify/theme/assets/plugins/nestable/nestable.css]
[phantom-themes.com/flatify/theme/assets/plugins/summernote-master/summernote.css]
[phantom-themes.com/flatify/theme/assets/plugins/bootstrap-datepicker/css/datepicker3.css]
[phantom-themes.com/flatify/theme/assets/plugins/bootstrap-colorpicker/img/bootstrap-colorpicker/saturation.png]
[phantom-themes.com/flatify/theme/assets/plugins/bootstrap-colorpicker/img/bootstrap-colorpicker/hue.png]
[phantom-themes.com/flatify/theme/assets/plugins/bootstrap-colorpicker/img/bootstrap-colorpicker/alpha.png]
[phantom-themes.com/flatify/theme/assets/plugins/bootstrap-colorpicker/img/bootstrap-colorpicker/hue-horizontal.png]
[phantom-themes.com/flatify/theme/assets/plugins/bootstrap-colorpicker/img/bootstrap-colorpicker/alpha-horizontal.png]
[phantom-themes.com/flatify/theme/assets/plugins/bootstrap-colorpicker/css/bootstrap-colorpicker.css]
[phantom-themes.com/flatify/theme/assets/plugins/bootstrap-tagsinput/bootstrap-tagsinput.css]
[phantom-themes.com/flatify/theme/assets/plugins/bootstrap-timepicker/css/bootstrap-timepicker.min.css]
[phantom-themes.com/flatify/theme/assets/plugins/dropzone/dropzone.min.css]
[phantom-themes.com/flatify/theme/assets/plugins/plupload/js/jquery.plupload.queue/img/backgrounds.gif]
[phantom-themes.com/flatify/theme/assets/plugins/plupload/js/jquery.plupload.queue/img/delete.gif]
[phantom-themes.com/flatify/theme/assets/plugins/plupload/js/jquery.plupload.queue/img/error.gif]
[phantom-themes.com/flatify/theme/assets/plugins/plupload/js/jquery.plupload.queue/img/done.gif]
[phantom-themes.com/flatify/theme/assets/plugins/plupload/js/jquery.plupload.queue/css/jquery.plupload.queue.css]
[phantom-themes.com/flatify/theme/assets/plugins/cropper-master/cropper.min.css]
[phantom-themes.com/flatify/theme/assets/plugins/x-editable/bootstrap3-editable/img/loading.gif]
[phantom-themes.com/flatify/theme/assets/plugins/x-editable/bootstrap3-editable/img/clear.png]
[phantom-themes.com/flatify/theme/assets/plugins/x-editable/bootstrap3-editable/css/bootstrap-editable.css]
[phantom-themes.com/flatify/theme/assets/plugins/x-editable/inputs-ext/typeaheadjs/lib/typeahead.js-bootstrap.css]
[phantom-themes.com/flatify/theme/assets/plugins/x-editable/inputs-ext/address/address.css]
[phantom-themes.com/flatify/theme/assets/plugins/datatables/images/sort_both.png]
[phantom-themes.com/flatify/theme/assets/plugins/datatables/images/sort_asc.png]
[phantom-themes.com/flatify/theme/assets/plugins/datatables/images/sort_desc.png]
[phantom-themes.com/flatify/theme/assets/plugins/datatables/images/sort_asc_disabled.png]
[phantom-themes.com/flatify/theme/assets/plugins/datatables/images/sort_desc_disabled.png]
[phantom-themes.com/flatify/theme/assets/plugins/datatables/css/jquery.datatables.min.css]
[phantom-themes.com/flatify/theme/assets/plugins/datatables/css/jquery.datatables_themeroller.css]
[phantom-themes.com/flatify/theme/assets/plugins/magnific-popup/magnific-popup.css]
[phantom-themes.com/flatify/theme/assets/images/gallery/image9.png]
[phantom-themes.com/flatify/theme/assets/images/gallery/image7.png]
[phantom-themes.com/flatify/theme/assets/plugins/jstree/themes/default/40px.html]
